{
  "Imports": [
    {
      "name": "errors",
      "path": "errors"
    },
    {
      "name": "middleware",
      "path": "github.com/livebud/bud/package/middleware"
    },
    {
      "name": "overlay",
      "path": "github.com/livebud/bud/package/overlay"
    },
    {
      "name": "io",
      "path": "io"
    },
    {
      "name": "fs",
      "path": "io/fs"
    },
    {
      "name": "http",
      "path": "net/http"
    },
    {
      "name": "path",
      "path": "path"
    },
    {
      "name": "time",
      "path": "time"
    }
  ],
  "Embeds": [
    {
      "Path": "public/favicon.ico",
      "Data": "AAABAAMAEBAAAAEAIABoBAAANgAAACAgAAABACAAKBEAAJ4EAAAwMAAAAQAgAGgmAADGFQAAKAAAABAAAAAgAAAAAQAgAAAAAAAAAAAAAAAAAAAAAAAAAAAAAAAAAAAAAAAAAAAAAAAAAAAAAAAAAAAAAAAAAE1nwGpPacDPT2nB3lNnwSUAAAAAAAAAAAAAAAAAAAAAAAAAAAAAAAAAAAAAAAAAAAAAAAAAAAAAAAAAAAAAAABTbcLFYn3K/2uGzv9tiM5pAAAAAAAAAAAAAAAAAAAAAAAAAAAAAAAAAAAAAAAAAAAAAAAAAAAAAAAAAAAAAAAAfpvZV3iT1P9tiM//bIfOkwAAAAAAAAAAAAAAAAAAAAAAAAAAAAAAAAAAAAAAAAAAVapVAwAAAAAAAAAAAAAAAGZmzAVadMfrZH7L/2WAzK8AAAAAAAAAAAAAAAAAAAAAAAAAAAAAAAAAAAAAAAAAADqRXJA5l14bAAAAAAAAAAAAAAAAfJjVpHSQ0v9yjtHCAAAAAAAAAAAAAAAAAAAAAAAAAAAAAAAAAAAAAAAAAAE6kVzoO5BbfgAAAAAAAAAAAAAAAFp0xmxfesn/XnnIyQAAAAAAAAAAAAAAAAAAAAAAAAAAAAAAAAAAAAA7k1gaO5Fc/zuQXOs3klsOAAAAAAAAAAB7mNZXeJTU/3qW1ckAAAAAAAAAAAAAAAAAAAAASZJJBwAAAAAAAAAAN5FaJTuRXP87kVz/OpFckAAAAAAAAAAAYHvIXV95yP9Wb8S1AAAAAAAAAAAAAAAAM5lmCjuRW6UAAAAAAAAAADmOVQk7kVz4O5Fc/zqRXP07kFxOAAAAAHSR0nJ5ldX/gZzYkAAAAAAAAAAAAP8AATuRW6U7kVzPAAAAAAAAAAAAAAAAPJFcpzuRXP87kVz/O5Bc9D2PWztphcyWXnjI/1JtwlQAAAAAOY5VCTqRW6I7kVz/O5FcrgAAAAAAAAAAAAAAADeSWxw7kVznO5Fc/zuRXP87kVzxZpCy4nyX1/ZtnrYVPJFbWjqRXNo7kVz/O5Fc/zqRWl0AAAAAAAAAABpuOx4AAAAAOI9dKTuQXNg7kVz/O5Fc/zuQX/9Ah3X0OpFc8TuRXP87kVz/O5Fc/zuRW7tVVVUDAAAAAAAAAAAccD12HHI+zh1xPrAecz/GJ3xI/y6DT/8ug0//NYtW/zuRXP87kVz/O5Fc8TqSXIhAn2AIAAAAAAAAAAAAAAAAAAAAAB1yPoQdcj39HXI+/x1yPv8dcj78HHI+iB1yPvohdkL/JHlE1yFzQj4AAAABAAAAAABmMwUAAAAAAAAAAAAAAAAAAAAAHXRALBxzPXYdcT1xGnM5KAAAAAAccT1+HXI+/x1yPv8dcj7/HXE98R1yPdQcbz0uAAAAAAAAAAAAAAAAAAAAAAAAAAAAAAAAAAAAAAAAAAAAAAAAAAAAAB1xPVgccj7FHXI+2xxyPp0abjseAAAAAAAAAAAAAAAAAAAAAAAAAAAAAAAAAAAAAAAAAAAAAAAAAAAAAAAAAAAAAAAAAAAAAAAAAAAAAAAAAAAAAAAAAAAAAAAAKAAAACAAAABAAAAAAQAgAAAAAAAAAAAAAAAAAAAAAAAAAAAAAAAAAAAAAAAAAAAAAAAAAAAAAAAAAAAAAAAAAAAAAAAAAAAAAAAAAAAAAAAAAAAAAAAAAAAAAABOacIuTmrCgk5pwLtOaMDQT2nBrFJmwhkAAAAAAAAAAAAAAAAAAAAAAAAAAAAAAAAAAAAAAAAAAAAAAAAAAAAAAAAAAAAAAAAAAAAAAAAAAAAAAAAAAAAAAAAAAAAAAAAAAAAAAAAAAAAAAAAAAAAAAAAAAAAAAAAAAAAATmnBfE9pwv1PacH/T2nB/09pwf9PacH/UGjAfQAAAAAAAAAAAAAAAAAAAAAAAAAAAAAAAAAAAAAAAAAAAAAAAAAAAAAAAAAAAAAAAAAAAAAAAAAAAAAAAAAAAAAAAAAAAAAAAAAAAAAAAAAAAAAAAAAAAAAAAAAAAAAAAAAAAABOacHAT2nB/09pwf9PacH/UWzC/1ZwxP9Vb8O4AAAAAAAAAAAAAAAAAAAAAAAAAAAAAAAAAAAAAAAAAAAAAAAAAAAAAAAAAAAAAAAAAAAAAAAAAAAAAAAAAAAAAAAAAAAAAAAAAAAAAAAAAAAAAAAAAAAAAAAAAAAAAAAAAAAAAE5pwFVbdsf/borP/3yX1v+Cntn/gp7Z/4Gd2O0AAAAAAAAAAAAAAAAAAAAAAAAAAAAAAAAAAAAAAAAAAAAAAAAAAAAAAAAAAAAAAAAAAAAAAAAAAAAAAAAAAAAAAAAAAAAAAAAAAAAAAAAAAAAAAAAAAAAAAAAAAAAAAAAAAAAAQIC/BIGd2OCCntn/gp7Z/4Ke2f+Cntn/gp7Z/4CV1BgAAAAAAAAAAAAAAAAAAAAAAAAAAAAAAAAAAAAAAAAAAAAAAAAAAAAAAAAAAAAAAAAAAAAAAAAAAAAAAAAAAAAAAAAAAAAAAAAAAAAAAAAAAAAAAAAAAAAAAAAAAAAAAAAAAAAAf5vZeHeS0/9lgMv/W3bH/1ZwxP9YcsX/W3LEOAAAAAAAAAAAAAAAAAAAAAAAAAAAAAAAAAAAAAAAAAAAAAAAAAAAAAAAAAAAAAAAAAAAAAAAAAAAAAAAAAAAAAAAAAAAAAAAAAAAAAAAAAAAAAAAAAAAAAAAAAAAAAAAAAAAAABRdMUWT2nC+U9pwf9PacH/T2nB/09pwf9PaMNRAAAAAAAAAAAAAAAAAAAAAAAAAAAAAAAAAAAAAAAAAAAAAAAAAAAAAAAAAAAAAAAAAAAAAAAAAAAAAAAAAAAAAAAAAAA7iWINAAAAAAAAAAAAAAAAAAAAAAAAAAAAAAAAAAAAAAAAAABdeMe3bIfO/3aR0/97l9b/e5fW/3eT1W0AAAAAAAAAAAAAAAAAAAAAAAAAAAAAAAAAAAAAAAAAAAAAAAAAAAAAAAAAAAAAAAAAAAAAAAAAAAAAAAAAAAAASZJtBzuSXOAzmVUPAAAAAAAAAAAAAAAAAAAAAAAAAAAAAAAAAAAAAICc2WqCntn/gp7Z/4Ke2f+Cntn/gZ3ZfwAAAAAAAAAAAAAAAAAAAAAAAAAAAAAAAAAAAAAAAAAAAAAAAAAAAAAAAAAAAAAAAAAAAAAAAAAAAAAAAAAAAAA6kFtcO5Fc/zuRW18AAAAAAAAAAAAAAAAAAAAAAAAAAAAAAAAAAAAAfJbRJ3aS0/9qhc7/Y37K/2N9yv9mgcuKAAAAAAAAAAAAAAAAAAAAAAAAAAAAAAAAAAAAAAAAAAAAAAAAAAAAAAAAAAAAAAAAAAAAAAAAAAAAAAAAAAAAADuRXbA7kVz/O5BbxAAAAAAAAAAAAAAAAAAAAAAAAAAAAAAAAAAAAAAAAAABT2nB609pwf9PacH/T2nB/1BowZAAAAAAAAAAAAAAAAAAAAAAAAAAAAAAAAAAAAAAAAAAAAAAAAAAAAAAAAAAAAAAAAAAAAAAAAAAAAAAAABVqlUDOpFc8TuRXP87klz+OY5aNgAAAAAAAAAAAAAAAAAAAAAAAAAAAAAAAAAAAABogc3Fb4rQ/3GM0f9uitD/aIPNmAAAAAAAAAAAAAAAAAAAAAAAAAAAAAAAAAAAAAAAAAAAAAAAAAAAAAAAAAAAAAAAAAAAAAAAAAAAAAAAADaNVyY7kVz/O5Fc/zuRXP86kFyvAAAAAAAAAAAAAAAAAAAAAAAAAAAAAAAAAAAAAIKd2LGCntn/gp7Z/4Ke2f+AnNiYAAAAAAAAAAAAAAAAAAAAAAAAAAAAAAAAAAAAAAAAAAAAAAAAAAAAAAAAAAAAAAAAAAAAAAAAAAAAAAAAOI5aRDuRXP87kVz/O5Fc/zuRXP47kls4AAAAAAAAAAAAAAAAAAAAAAAAAAAAAAAAdZHTrHCL0P9uic//cYzR/3eR05AAAAAAAAAAAAAAAAAAAAAAAAAAAAAAAAAAAAAAAAAAAECAYAhAjFkUAAAAAAAAAAAAAAAAAAAAAAAAAAA5k1xQO5Fc/zuRXP87kVz/O5Fc/zuRXMpVqlUDAAAAAAAAAAAAAAAAAAAAAAAAAABPacGyT2nB/09pwf9PacH/TmnAeQAAAAAAAAAAAAAAAAAAAAAAAAAAAAAAAAAAAAAAAAAAPJFcgDqPXIAAAAAAAAAAAAAAAAAAAAAAAAAAADqOW0Y7kVz/O5Fc/zuRXP87kVz/O5Fc/zuRXHQAAAAAAAAAAAAAAAAAAAAAAAAAAHKO0cJyjdH/a4fO/2B7yf9VbsNdAAAAAAAAAAAAAAAAAAAAAAAAAAAAAAAAAAAAAD2SWyo7kVz3OpFcngAAAAAAAAAAAAAAAAAAAAAAAAAAN5FaJTuRXP87kVz/O5Fc/zuRXP87kVz/OpBc+TiQXTcAAAAAAAAAAAAAAAAAAAAAgZ3Y2IKe2f+Cntn/gp7Z/4Ca1zoAAAAAAAAAAAAAAAAAAAAAAAAAAAAAAABAlVUMO5Jb1DuRXP87kVulAAAAAAAAAAAAAAAAAAAAAAAAAAAA/wABOpBc5DuRXP87kVz/O5Fc/zuRXP87kVz/O5Fb5TeSWxwAAAAAAAAAAAAAAAFqhc7xbYjP/3WQ0/+Am9j7gJXUDAAAAAAAAAAAAAAAAAAAAAAAAAAAKoBVBjuSXLY7kVz/O5Fc/zuRXJsAAAAAAAAAAAAAAAAAAAAAAAAAAAAAAAA6kFuMO5Fc/zuRXP87kVz/O5Fc/zuRXP87kVz/OpBc0jmOVRIAAAAAVW3CFU9pwf9PacH/T2nB/1BrwcsAAAAAAAAAAAAAAAAAAAAAAAAAADOZTQo7kVyyO5Fc/zuRXP87kVz/O5FbeQAAAAAAAAAAAAAAAAAAAAAAAAAAAAAAAECSWxw7kVz2O5Fc/zuRXP87kVz/O5Fc/zuRXP87kVz/O5Bcy0CPYBB+m9ZFf5vX/3WQ0v9lgMv/U27DhwAAAAAAAAAAAAAAAAAAAAA3kVolOpJczTuRXP87kVz/O5Fc/zuRXP85kVtDAAAAAAAAAAAAAAAAAAAAAAAAAAAAAAAAAAAAADmRXG87kVz/O5Fc/zuRXP87kVz/O5Fc/zuRXP87kVz/OpFbyXibyoyCntn/gp7Z/4Ke2f99ndc5AAAAAAAAAAA5jlUJOpJcdzuRXPM7kVz/O5Fc/zuRXP87kVz/OpFc7EmSSQcAAAAAAAAAAAAAAAAAAAAAAAAAAAAAAAAAAAAAAAAAADuQXKE7kVz/O5Fc/zuRXP87kVz/O5Fc/zuRXP87kVz/RI9x/19/wP9uic//fpnY3f///wE3klscO5BcejuRXOU7kVz/O5Fc/zuRXP87kVz/O5Fc/zuRXP87kl2BAAAAAAAAAAAAAAAAAAAAAAAAAAAAAAAAAAAAAAAAAAAAAAAAQIBABDuQXKE7kVz/O5Fc/zuRXP87kVz/O5Fc/zuRXP87kVz/PYxp/0h3nP9Cg4HTOpFdyTqRXP07kVz/O5Fc/zuRXP87kVz/O5Fc/zuRXP87kVz/OpFc2kaLXQsAAAAAAAAAAAAAAAAAAAAAAAAAAB1yPWAVdUAYAAAAAAAAAAAAAAAAAAAAATqRW207kFz0O5Fc/zuRXP87kVz/O5Fc/zuRXP87kVz/O5Fc/zuRXP87kVz/O5Fc/zuRXP87kVz/O5Fc/zuRXP87kVz/O5Fc/zuQXOk3klsqAAAAAAAAAAAAAAAAAAAAAAAAAAAAAAAAHXE9Tx1yPfkdcj66HHI+fxxxPmMecT5fHHM+byB2Qq0sgk3/NoxX/zuRXP87kVz/O5Fc/zuRXP87kVz/O5Fc/zuRXP87kVz/O5Fc/zuRXP87kVz/O5Fc/zuRXP87kVzIPI5aIgAAAAAAAAAAAAAAAAAAAAAAAAAAAAAAAAAAAAAAAAAAHXI+jx1yPv8dcj7/HXI+/x1yPv8dcj7/HXI+/x1yPv8dcj7/H3RA/yJ3Q/8id0P/H3VA/yh9Sf82jFf/O5Fc/zuRXP87kVz/O5Fc/zuRXP47kVzKOZJcWQCAgAIAAAAAAAAAAAAAAAAAAAAAAAAAAAAAAAAAAAAAAAAAAAAAAAAAgAACHXI+nR1yPv8dcj7/HXI+/x1yPv8dcj7/HXI+/x1yPv8dcj7/HXI+/x1yPv4dcT6yHXI+/x1yPv8id0P/J31I/yp/SvUzilNvO5BdHgAAAAAAAAAAAAAAAAAAAAAAAAAAAAAAAAAAAAAAAAAAAAAAAAAAAAAAAAAAAAAAAAAAAAAAAAABHXI+dB1yPvcdcj7/HXI+/x1yPv8dcj7/HXI+/x1yPv8dcj70HHI9ZRd0Rgsdcj3tHXI+/x1yPv8dcj7/HXI+/x1yPvgdcTycHW8+PgBmMwUAAAAAAAAAAAAAAAAac0AUAAAAAAAAAAAAAAAAAAAAAAAAAAAAAAAAAAAAAAAAAAAAAAAAF3Q+IRxxPpAdcj7bHHI++x1yPvcccj7OHXI+hBttNxwAAAAAAAAAABtxPWgdcj7/HXI+/x1yPv8dcj7/HXI+/x1yPv8dcj7/HHI+9B1xPtEdcj7HHXI93B1xPbAAAAABAAAAAAAAAAAAAAAAAAAAAAAAAAAAAAAAAAAAAAAAAAAAAAAAAAAAAAAAAAAAgAACAAAAAAAAAAAAAAAAAAAAAAAAAAAAAAAAAAAAABxyPpEdcj7/HXI+/x1yPv8dcj7/HXI+/x1yPv8dcj7/HXI+/x1yPv8dcT6wIIBACAAAAAAAAAAAAAAAAAAAAAAAAAAAAAAAAAAAAAAAAAAAAAAAAAAAAAAAAAAAAAAAAAAAAAAAAAAAAAAAAAAAAAAAAAAAAAAAAAAAAAAAAAAAAAAAABxwPWQdcT7sHXI+/x1yPv8dcj7/HXI+/x1yPv8ccj7yHHE9dQCAAAIAAAAAAAAAAAAAAAAAAAAAAAAAAAAAAAAAAAAAAAAAAAAAAAAAAAAAAAAAAAAAAAAAAAAAAAAAAAAAAAAAAAAAAAAAAAAAAAAAAAAAAAAAAAAAAAAAAAAAAAAAABFmMw8dcTxqHXE+rR1yPsIdcT6tHHI8bhpzMxQAAAAAAAAAAAAAAAAAAAAAAAAAAAAAAAAAAAAAAAAAAAAAAAAAAAAAAAAAAAAAAAAAAAAAAAAAAAAAAAAAAAAAAAAAAAAAAAAAAAAAAAAAAAAAAAAAAAAAAAAAAAAAAAAAAAAAAAAAAAAAAAAAAAAAAAAAAAAAAAAAAAAAAAAAAAAAAAAAAAAAAAAAAAAAAAAAAAAAAAAAAAAAAAAAAAAAAAAAAAAAAAAAAAAAAAAAAAAAAAAAAAAAAAAAAAAAAAAAAAAAAAAAAAAAAAAAAAAAAAAAAAAAAAAAAAAAAAAAAAAAAAAAAAAAAAAAAAAAAAAAAAAAAAAAAAAAAAAAAAAAAAAAAAAAAAAAAAAAAAAAAAAAAAAAAAAAKAAAADAAAABgAAAAAQAgAAAAAAAAAAAAAAAAAAAAAAAAAAAAAAAAAAAAAAAAAAAAAAAAAAAAAAAAAAAAAAAAAAAAAAAAAAAAAAAAAAAAAAAAAAAAAAAAAAAAAAAAAAAAAAAAAAAAAAAAAAAAAAAAAAAAAABVVaoDVW3CFU9mwS1OaMBlT2rBmE9pwLJPacGlTWi/YEltyA4AAAAAAAAAAAAAAAAAAAAAAAAAAAAAAAAAAAAAAAAAAAAAAAAAAAAAAAAAAAAAAAAAAAAAAAAAAAAAAAAAAAAAAAAAAAAAAAAAAAAAAAAAAAAAAAAAAAAAAAAAAAAAAAAAAAAAAAAAAAAAAAAAAAAAAAAAAAAAAAAAAAAAAAAAAAAAAAAAAAAAAAAAAAAAAAAAAAAAAAAAAFVqvwxOaMBpT2nAv09pwfNPacH/T2nB/09pwf9PacH/T2nB/k9owIUAAAAAAAAAAAAAAAAAAAAAAAAAAAAAAAAAAAAAAAAAAAAAAAAAAAAAAAAAAAAAAAAAAAAAAAAAAAAAAAAAAAAAAAAAAAAAAAAAAAAAAAAAAAAAAAAAAAAAAAAAAAAAAAAAAAAAAAAAAAAAAAAAAAAAAAAAAAAAAAAAAAAAAAAAAAAAAAAAAAAAAAAAAAAAAAAAAAAAAAAAAE5pwHJPasH0T2nB/09pwf9PacH/T2nB/09pwf9PacH/T2nB/09qwdJVar8MAAAAAAAAAAAAAAAAAAAAAAAAAAAAAAAAAAAAAAAAAAAAAAAAAAAAAAAAAAAAAAAAAAAAAAAAAAAAAAAAAAAAAAAAAAAAAAAAAAAAAAAAAAAAAAAAAAAAAAAAAAAAAAAAAAAAAAAAAAAAAAAAAAAAAAAAAAAAAAAAAAAAAAAAAAAAAAAAAAAAAAAAAAAAAAAAAAAAAE9pwaxPacH/T2nB/09pwf9PacH/T2nB/1Bqwf9Ra8L/UWvC/1Jrw+RQasUwAAAAAAAAAAAAAAAAAAAAAAAAAAAAAAAAAAAAAAAAAAAAAAAAAAAAAAAAAAAAAAAAAAAAAAAAAAAAAAAAAAAAAAAAAAAAAAAAAAAAAAAAAAAAAAAAAAAAAAAAAAAAAAAAAAAAAAAAAAAAAAAAAAAAAAAAAAAAAAAAAAAAAAAAAAAAAAAAAAAAAAAAAAAAAAAAAAAAAE1nwk9OacH3T2nB/1Ntw/9cd8f/ZH/L/2qFzv9tic//b4vQ/26Kz/Fvis9VAAAAAAAAAAAAAAAAAAAAAAAAAAAAAAAAAAAAAAAAAAAAAAAAAAAAAAAAAAAAAAAAAAAAAAAAAAAAAAAAAAAAAAAAAAAAAAAAAAAAAAAAAAAAAAAAAAAAAAAAAAAAAAAAAAAAAAAAAAAAAAAAAAAAAAAAAAAAAAAAAAAAAAAAAAAAAAAAAAAAAAAAAAAAAAAAAAAAAE5kvBdWccXAaoXO/3qW1f9+mtf/gZzY/4Ke2f+Cntn/gp7Z/4Ke2fuCnNh2AAAAAAAAAAAAAAAAAAAAAAAAAAAAAAAAAAAAAAAAAAAAAAAAAAAAAAAAAAAAAAAAAAAAAAAAAAAAAAAAAAAAAAAAAAAAAAAAAAAAAAAAAAAAAAAAAAAAAAAAAAAAAAAAAAAAAAAAAAAAAAAAAAAAAAAAAAAAAAAAAAAAAAAAAAAAAAAAAAAAAAAAAAAAAAAAAAAAAICA/wJ+mth3gp7Z+oKe2f+Cntn/gp7Z/4Ke2f+Cntn/gp7Z/4Ke2f+BndmSgKrUBgAAAAAAAAAAAAAAAAAAAAAAAAAAAAAAAAAAAAAAAAAAAAAAAAAAAAAAAAAAAAAAAAAAAAAAAAAAAAAAAAAAAAAAAAAAAAAAAAAAAAAAAAAAAAAAAAAAAAAAAAAAAAAAAAAAAAAAAAAAAAAAAAAAAAAAAAAAAAAAAAAAAAAAAAAAAAAAAAAAAAAAAAAAAAAAAAAAAAB6ltMugZ3Z44Ke2f+Bndn/fJjW/3aR0/9yjdH/b4vQ/3GM0f9zjtKpbZLIDgAAAAAAAAAAAAAAAAAAAAAAAAAAAAAAAAAAAAAAAAAAAAAAAAAAAAAAAAAAAAAAAAAAAAAAAAAAAAAAAAAAAAAAAAAAAAAAAAAAAAAAAAAAAAAAAAAAAAAAAAAAAAAAAAAAAAAAAAAAAAAAAAAAAAAAAAAAAAAAAAAAAAAAAAAAAAAAAAAAAAAAAAAAAAAAAAAAAACqqv8DgJzZp3WQ0/9gesn/VnDE/1Ruw/9SbML/UWvC/1Jswv9TbcO7TXO/FAAAAAAAAAAAAAAAAAAAAAAAAAAAAAAAAAAAAAAAAAAAAAAAAAAAAAAAAAAAAAAAAAAAAAAAAAAAAAAAAAAAAAAAAAAAAAAAAAAAAAAAAAAAAAAAAAAAAAAAAAAAAAAAAAAAAAAAAAAAAAAAAAAAAAAAAAAAAAAAAAAAAAAAAAAAAAAAAAAAAAAAAAAAAAAAAAAAAAAAAAAAWHLGOk9pwfxPacH/T2nB/09pwf9PacH/T2nB/09pwf9OaMHNTmzEGgAAAAAAAAAAAAAAAAAAAAAAAAAAAAAAAAAAAAAAAAAAAAAAAAAAAAAAAAAAAAAAAAAAAAAAAAAAAAAAAAAAAAAAAAAAAAAAAAAAAAAAAAAAAAAAAAAAAAAAAAAAAAAAAAAAAAAAAAAAAAAAAAAAAAAAAAAAAAAAAAAAAAAAAAAAAAAAAAAAAAAAAAAAAAAAAAAAAAAAAAAAVVWqA09qwMtPacH/VW/E/1t2x/9fesn/Yn3K/2J9yv9he8nfYHjHIAAAAAAAAAAAAAAAAAAAAAAAAAAAAAAAAAAAAAAAAAAAAAAAAAAAAAAAAAAAAAAAAAAAAAAAAAAAAAAAAAAAAAAAAAAAAAAAAAAAAAAAAAAAAAAAAAAAAAAAAAAAAAAAAAAAAABJkkkHOY5eGwAAAAAAAAAAAAAAAAAAAAAAAAAAAAAAAAAAAAAAAAAAAAAAAAAAAAAAAAAAAAAAAGF8yXFzjtL/e5fW/32Z1/9/m9j/gJzY/4Cc2P9/m9jwgJrXJgAAAAAAAAAAAAAAAAAAAAAAAAAAAAAAAAAAAAAAAAAAAAAAAAAAAAAAAAAAAAAAAAAAAAAAAAAAAAAAAAAAAAAAAAAAAAAAAAAAAAAAAAAAAAAAAAAAAAAAAAAAAAAAAAAAAAE6kFtcO5Jd3k2ZZgoAAAAAAAAAAAAAAAAAAAAAAAAAAAAAAAAAAAAAAAAAAAAAAAAAAAAAAAAAAH2Z1y2Bndjzgp7Z/4Ke2f+Cntn/gp7Z/4Ke2f+Bntj5gJzcLAAAAAAAAAAAAAAAAAAAAAAAAAAAAAAAAAAAAAAAAAAAAAAAAAAAAAAAAAAAAAAAAAAAAAAAAAAAAAAAAAAAAAAAAAAAAAAAAAAAAAAAAAAAAAAAAAAAAAAAAAAAAAAAADeSWw48kVynO5Fc/zqSW1QAAAAAAAAAAAAAAAAAAAAAAAAAAAAAAAAAAAAAAAAAAAAAAAAAAAAAAAAAAICf1BiBntrGgp7Z/4Ke2f+Am9j/fJjW/3yY1v9+mtf+gJvWOAAAAAAAAAAAAAAAAAAAAAAAAAAAAAAAAAAAAAAAAAAAAAAAAAAAAAAAAAAAAAAAAAAAAAAAAAAAAAAAAAAAAAAAAAAAAAAAAAAAAAAAAAAAAAAAAAAAAAAAAAAAAAAAADuQXCc7kVzqO5Fc/zqSXLQAgIACAAAAAAAAAAAAAAAAAAAAAAAAAAAAAAAAAAAAAAAAAAAAAAAAAAAAAICZzAp2kdOcaobO/113yP9XccX/VnDE/1VwxP9WccT/WHHAPQAAAAAAAAAAAAAAAAAAAAAAAAAAAAAAAAAAAAAAAAAAAAAAAAAAAAAAAAAAAAAAAAAAAAAAAAAAAAAAAAAAAAAAAAAAAAAAAAAAAAAAAAAAAAAAAAAAAAAAAAAAAAAAADuRXWg7kVz/O5Fc/zuRXOU9lFwyAAAAAAAAAAAAAAAAAAAAAAAAAAAAAAAAAAAAAAAAAAAAAAAAAAAAAAAAAABPZ8F0T2nB+09pwf9PacH/T2nB/09pwf9PacH/TmfARQAAAAAAAAAAAAAAAAAAAAAAAAAAAAAAAAAAAAAAAAAAAAAAAAAAAAAAAAAAAAAAAAAAAAAAAAAAAAAAAAAAAAAAAAAAAAAAAAAAAAAAAAAAAAAAAAAAAAAAAAAAAAAAADqSXbg7kVz/O5Fc/zuRXPk6kVt7QICABAAAAAAAAAAAAAAAAAAAAAAAAAAAAAAAAAAAAAAAAAAAAAAAAAAAAABPasFXUGvC8VVvxP9XccT/V3LF/1ZwxP9SbcP/TmzBTgAAAAAAAAAAAAAAAAAAAAAAAAAAAAAAAAAAAAAAAAAAAAAAAAAAAAAAAAAAAAAAAAAAAAAAAAAAAAAAAAAAAAAAAAAAAAAAAAAAAAAAAAAAAAAAAAAAAAAAAAAAM5lNCjuRXPQ7kVz/O5Fc/zuRXP86kVvJPY9cGQAAAAAAAAAAAAAAAAAAAAAAAAAAAAAAAAAAAAAAAAAAAAAAAAAAAAB0j9NAeZTU6nuX1v98mNb/fJjW/3yX1v96ltb/cpDSVQAAAAAAAAAAAAAAAAAAAAAAAAAAAAAAAAAAAAAAAAAAAAAAAAAAAAAAAAAAAAAAAAAAAAAAAAAAAAAAAAAAAAAAAAAAAAAAAAAAAAAAAAAAAAAAAAAAAAAAAAAAOpBbNTuRXP87kVz/O5Fc/zuRXP87kVz9OZJcWQAAAAAAAAAAAAAAAAAAAAAAAAAAAAAAAAAAAAAAAAAAAAAAAAAAAACCm9czgp7Z5YKe2f+Cntn/gp7Z/4Ke2f+Cntn/fpnYVQAAAAAAAAAAAAAAAAAAAAAAAAAAAAAAAAAAAAAAAAAAAAAAAAAAAAAAAAAAAAAAAAAAAAAAAAAAAAAAAAAAAAAAAAAAAAAAAAAAAAAAAAAAAAAAAAAAAAAAAAAAOpBbXDuRXP87kVz/O5Fc/zuRXP87kVz/O5Fc1TmOVRIAAAAAAAAAAAAAAAAAAAAAAAAAAAAAAAAAAAAAAAAAAAAAAAB9mdctgp7Z44Ke2f+Cntn/gp7Z/4Ke2f+Cntn/fpvYTwAAAAAAAAAAAAAAAAAAAAAAAAAAAAAAAAAAAAAAAAAAAAAAAAAAAAAAAAAAAAAAAAAAAAAAAAAAAAAAAAAAAAAAAAAAAAAAAAAAAAAAAAAAAAAAAAAAAAAAAAAAOpFbdjuRXP87kVz/O5Fc/zuRXP87kVz/O5Jc/jqRW4QAAAAAAAAAAAAAAAAAAAAAAAAAAAAAAAAAAAAAAAAAAAAAAABsiMwtbonP42WAy/9hfMr/YXvJ/2R+yv9shs7/cIfRQgAAAAAAAAAAAAAAAAAAAAAAAAAAAAAAAAAAAAAAAAAAAAAAAAAAAAAAAAAAAAAAAEC/gAQ8klwvRotdCwAAAAAAAAAAAAAAAAAAAAAAAAAAAAAAAAAAAAAAAAAAO5JchTuRXP87kVz/O5Fc/zuRXP87kVz/O5Fc/zuRXOU7jl00AAAAAAAAAAAAAAAAAAAAAAAAAAAAAAAAAAAAAAAAAABOaMExT2nB5U9pwf9PacH/T2nB/09pwf9PacH6TmnCLgAAAAAAAAAAAAAAAAAAAAAAAAAAAAAAAAAAAAAAAAAAAAAAAAAAAAAAAAAAAAAAADqLXSw7kVzZOotXLAAAAAAAAAAAAAAAAAAAAAAAAAAAAAAAAAAAAAAAAAAAO5FcgjuRXP87kVz/O5Fc/zuRXP87kVz/O5Fc/zuRXPw6kFufO51iDQAAAAAAAAAAAAAAAAAAAAAAAAAAAAAAAAAAAABZdMU5WXTH51lzxv9WcMT/UWvC/09pwf9PacHrTGe6JQAAAAAAAAAAAAAAAAAAAAAAAAAAAAAAAAAAAAAAAAAAAAAAAAAAAAAAAAAAM5lmBTuQW6g7kVz/O49bSQAAAAAAAAAAAAAAAAAAAAAAAAAAAAAAAAAAAAAAAAAAOpBabjuRXP87kVz/O5Fc/zuRXP87kVz/O5Fc/zuRXP86kVz1O5BbVwAAAAAAAAAAAAAAAAAAAAAAAAAAAAAAAAAAAAB6l9RHfJjW7H2Z1/98mNb/eZXV/3CL0P9ge8rXWHLKHQAAAAAAAAAAAAAAAAAAAAAAAAAAAAAAAAAAAAAAAAAAAAAAAAAAAAAAAAAAOZFcbzuQW/s7kVz/O5BaYwAAAAAAAAAAAAAAAAAAAAAAAAAAAAAAAAAAAAAAAAAAO41aSjuRXP87kVz/O5Fc/zuRXP87kVz/O5Fc/zuRXP87kVz/O5Fc7jqRXSwAAAAAAAAAAAAAAAAAAAAAAAAAAAAAAAB+nNhVgZ7Z8YKe2f+Cntn/gp7Z/4Ke2f+BndjAgJfRFgAAAAAAAAAAAAAAAAAAAAAAAAAAAAAAAAAAAAAAAAAAAAAAAAD/AAE8j1xAPJJd5zuRXP87kVz/OpJcaQAAAAAAAAAAAAAAAAAAAAAAAAAAAAAAAAAAAAAAAAAANYpVGDuRXPc7kVz/O5Fc/zuRXP87kVz/O5Fc/zuRXP87kVz/O5Fc/zuRXMc7kFwnAAAAAAAAAAAAAAAAAAAAAAAAAACBndllgp7Z9oKe2f+Cntn/gp7Z/4Ke2f+BndmigJXUDAAAAAAAAAAAAAAAAAAAAAAAAAAAAAAAAAAAAAAAAAAAAAAAADmVXCQ7kVzCO5Fc/juRXP87kVz/OpBbZQAAAAAAAAAAAAAAAAAAAAAAAAAAAAAAAAAAAAAAAAAAAAAAATuQXL87kVz/O5Fc/zuRXP87kVz/O5Fc/zuRXP87kVz/O5Fc/zuRXPw7kVulMI9gEAAAAAAAAAAAAAAAAAAAAABadMV3W3XG/F14yP9kf8v/b4rQ/3yY1v2Bndl/gICAAgAAAAAAAAAAAAAAAAAAAAAAAAAAAAAAAAAAAAAAAAAALYdaETuSXMQ6kVz9O5Fc/zuRXP87kVz/O5JdUgAAAAAAAAAAAAAAAAAAAAAAAAAAAAAAAAAAAAAAAAAAAAAAADqRXGE7kVz8O5Fc/zuRXP87kVz/O5Fc/zuRXP87kVz/O5Fc/zuRXP87kVz+PJFbiTOZZgoAAAAAAAAAAGZmzAVPasKOT2nB/09pwf9PacH/T2nB/09qwvFWccRWAAAAAAAAAAAAAAAAAAAAAAAAAAAAAAAAAAAAAAD/AAFAj2AgOpFcwDuRXP87kVz/O5Fc/zuRXP87kVv8PY9cMgAAAAAAAAAAAAAAAAAAAAAAAAAAAAAAAAAAAAAAAAAAAAAAAD6VYR06kFvSO5Fc/zuRXP87kVz/O5Fc/zuRXP87kVz/O5Fc/zuRXP87kVz/O5Fc/DuQXIo8h1oRAAAAAGaIzA9qhc6rZH/L/114x/9Ub8P/T2nB/09owONNZb4rAAAAAAAAAAAAAAAAAAAAAAAAAAAAAAAAAAAAADiQXTc6kVy8O5Fc/DuRXP87kVz/O5Fc/zuRXP87klzgPpNdIQAAAAAAAAAAAAAAAAAAAAAAAAAAAAAAAAAAAAAAAAAAAAAAAECAQAQ8kl18O5Fc+juRXP87kVz/O5Fc/zuRXP87kVz/O5Fc/zuRXP87kVz/O5Fc/zuRXPc7kVuGOY5VCYCd2BqBntjMgZ3Y/36a1/96ltX/bYnP/1lzxcUzZswFAAAAAAAAAAAAAAAAAAAAAAAAAABVqlUDOpFcYTqRXOQ7kVz9O5Fc/zuRXP87kVz/O5Fc/zuRXP86kFu4NpReEwAAAAAAAAAAAAAAAAAAAAAAAAAAAAAAAAAAAAAAAAAAAAAAAAAAAAA5jl4bOpBcyjuRXP87kVz/O5Fc/zuRXP87kVz/O5Fc/zuRXP87kVz/O5Fc/zuRXP87kVz6OpJad3WZwjKBndnvgp7Z/4Ke2f+Cntn/gp7Z/36a2HcAAAAAAAAAAAAAAAAAAAAAM5lmBTuQXCc7kVybOpBc+TuRXP87kVz/O5Fc/zuRXP87kVz/O5Fc/zqRXP08kV2EQIBABAAAAAAAAAAAAAAAAAAAAAAAAAAAAAAAAAAAAAAAAAAAAAAAAAAAAAAAAAAAOZJeNjuQW987kVz/O5Fc/zuRXP87kVz/O5Fc/zuRXP87kVz/O5Fc/zuRXP87kVz/O5Jc+kuRerxzlMv+fJjW/4Ke2f+Cntn/gp7Z9oCX1yAAAAAAAAAAAECAQAQ9j1wyOpFdhDuSXNk7klz+O5Fc/zuRXP87kVz/O5Fc/zuRXP87kVz/O5Fc/zuSXOk8j1xAAAAAAAAAAAAAAAAAAAAAAAAAAAAAAAAAAAAAAAAAAAAAAAAAAAAAAAAAAAAAAAAAAAAAADuQXEU7kVzoO5Fc/zuRXP87kVz/O5Fc/zuRXP87kVz/O5Fc/zuRXP87kVz/O5Fc/zyRX/9HhYf/VHK//113yP9xjNH/fprXrgAA/wFJkkkHO5BZRTuRXKk7kVzkO5Fc+zuRXP87kVz/O5Fc/zuRXP87kVz/O5Fc/zuRXP87kVz/O5Fc/zuSXKoqgFUGAAAAAAAAAAAAAAAAAAAAAAAAAAAAAAAAAAAAAAAAAAAAAAAAAAAAAAAAAAAAAAAAAAAAAICAgAI6kFtcO5Fc5TuRXP87kVz/O5Fc/zuRXP87kVz/O5Fc/zuRXP87kVz/O5Fc/zuRXP87kVz/QoKA/01utP9Mb7L+RYCLiDqRXZI7kFvfO5Fc/juRXP87kVz/O5Fc/zuRXP87kVz/O5Fc/zuRXP87kVz/O5Fc/zuRXP87kVz/O5Fc50CPWCAAAAAAAAAAAAAAAAAAAAAAAAAAAAAAAAAAAAAAAAAAABd0RgsAgAACAAAAAAAAAAAAAAAAAAAAAAAAAABVqlUDOpJcSzqRXMo7kVz+O5Fc/zuRXP87kVz/O5Fc/zuRXP87kVz/O5Fc/zuRXP87kVz/O5Fc/z6Lav88jmT/O5Fd/zuRXP87kVz/O5Fc/zuRXP87kVz/O5Fc/zuRXP87kVz/O5Fc/zuRXP87kVz/O5Fc/zuRXP86kVvoOpJbVAAAAAAAAAAAAAAAAAAAAAAAAAAAAAAAAAAAAAAAAAAAAAAAABxyPn8cdD6AEXdEDwAAAAAAAAAAAAAAAAAAAAAAAAAAAAAAAD6TXSE6kF2aOpBc+TuRXP87kVz/O5Fc/zuRXP87kVz/O5Fc/zuRXP87kVz/O5Fc/zuRXP87kVz/O5Fc/zuRXP87kVz/O5Fc/zuRXP87kVz/O5Fc/zuRXP87kVz/O5Fc/zuRXP87kVz/O5Fc/zuRXPM6kFtqM5lmBQAAAAAAAAAAAAAAAAAAAAAAAAAAAAAAAAAAAAAAAAAAAAAAABxvPS4dcj7kHXI/8B1xPqAecT5WHnE7Kx5wPCIgcEAgIHBAIBxxQCQdcUA0KYBKnDKJU/44jln/OpBb/zuRXP87kVz/O5Fc/zuRXP87kVz/O5Fc/zuRXP87kVz/O5Fc/zuRXP87kVz/O5Fc/zuRXP87kVz/O5Fc/zuRXP87kVz/O5Fc/zuRXP87kVz8OpFc4zqRWl0AAAABAAAAAAAAAAAAAAAAAAAAAAAAAAAAAAAAAAAAAAAAAAAAAAAAAAAAACqAKgYdcT5zHXE99R1yPv8dcj7+HXI99R1yPuUdcj7eHXI+3xxyPuodcj36HXI+/x5zP/8jeET/KX5K/y2DTv8whlH/MYdS/zGHUv8whlH/LoNP/zSKVf86kFv/O5Fc/zuRXP87kVz/O5Fc/zuRXP87kVz/O5Fc/zuRXP87kVz/O5Fc/zuSXOk7kFuXOZJYMQAAAAAAAAAAAAAAAAAAAAAAAAAAAAAAAAAAAAAAAAAAAAAAAAAAAAAAAAAAAAAAAAAAAAAUdjsNHHI/ox1yPv8dcj7/HXI+/x1yPv8dcj7/HXI+/x1yPv8dcj7/HXI+/x1yPv8dcj7/HXI+/x1yPv8ecz//H3RA/x90QP8edD//HnM//yB1Qf8pfkr/NoxX/zuRXP87kVz/O5Fc/zuRXP87kVz/O5Fc/zuRXP87kVzmOpJbjDuOXysui10LAAAAAAAAAAAAAAAAAAAAAAAAAAAAAAAAAAAAAAAAAAAAAAAAAAAAAAAAAAAAAAAAAAAAAAAAAAAAAAAAJG0kBxxyPawdcj74HXI+/x1yPv8dcj7/HXI+/x1yPv8dcj7/HXI+/x1yPv8dcj7/HXI+/x1yPv8dcj7/HXI+/x1yPv8dcj7vHHM92B1yPv8dcj7/HXI+/yN4RP8qgEv/L4VQ/zGGUvs1ilbHOo9agDyOWkRAlVUMAAAAAAAAAAAAAAAAAAAAAAAAAAAAAAAAAAAAAAAAAAAAAAAAAAAAAAAAAAAAAAAAAAAAAAAAAAAAAAAAAAAAAAAAAAAAAAAAAAAAABtrNhMdcj6PHXI+9B1yPv8dcj7/HXI+/x1yPv8dcj7/HXI+/x1yPv8dcj7/HXI+/x1yPv8dcj7/HXI+/x1yPu8ecj1wG288VR1yPv8dcj7/HXI+/x1yPv8dcj7/HXI+/x1yPv4dcz7aHnM9gSBwOjAAgEAEAAAAAAAAAAAAAAAAAAAAAAAAAAAAAAAAAAAAAAAAAAAAAAAAAAAAAAAAAAAAAAAAAAAAAAAAAAAAAAAAAAAAAAAAAAAAAAAAAAAAAAAAAAAVakAMHHA+Wx1yPugdcj7/HXI+/x1yPv8dcj7/HXI+/x1yPv8dcj7/HXI+/x1yPv8dcj7/HXI94RpxP00ggEAIKoBVBh1yPs0dcj7/HXI+/x1yPv8dcj7/HXI+/x1yPv8dcj7/HXI++x1yPuIdcT6pHHE8URJtNw4AAAAAAAAAAAAAAAAAAAAAAAAAABtrNhMbbUAcAAAAAAAAAAAAAAAAAAAAAAAAAAAAAAAAAAAAAAAAAAAAAAAAAAAAAAAAAAAAAAAAAAAAAB9wPRkccj6THXI+3R1yPvAdcj76HXI+/h1yPv0dcj73HXI+6x1yPtYdcj2GG3k2EwAAAAAAAAAAAAAAAB1xPkYccj7yHXI+/x1yPv8dcj7/HXI+/x1yPv8dcj7/HXI+/x1yPv8dcj7/HXI+/x1yPvcccT7PHHM9qx1yPqEdcT6uHXI+zR1xPugccTxaAAAAAAAAAAAAAAAAAAAAAAAAAAAAAAAAAAAAAAAAAAAAAAAAAAAAAAAAAAAAAAAAAAAAAAAAAAAAgAACHXU6Ix9yPVMdcT1xHHI+gB1xPnwdcT1oHnM/RRZvNxcAAAAAAAAAAAAAAAAAAAAAAAAAABqAMwoccj6IHXI++B1yPv8dcj7/HXI+/x1yPv8dcj7/HXI+/x1yPv8dcj7/HXI+/x1yPv8dcj7/HXI+/x1yPv8dcj7/HXI+8RxzPW0qgCoGAAAAAAAAAAAAAAAAAAAAAAAAAAAAAAAAAAAAAAAAAAAAAAAAAAAAAAAAAAAAAAAAAAAAAAAAAAAAAAAAAAAAAAAAAAAAAAAAAAAAAQAAAAAAAAAAAAAAAAAAAAAAAAAAAAAAAAAAAAAAAAAAAAAAAAAAAAAgcEAQHXI9lh1yPv8dcj7/HXI+/x1yPv8dcj7/HXI+/x1yPv8dcj7/HXI+/x1yPv8dcj7/HXI+/x1yPv8ecj7pHnA9VDNmMwUAAAAAAAAAAAAAAAAAAAAAAAAAAAAAAAAAAAAAAAAAAAAAAAAAAAAAAAAAAAAAAAAAAAAAAAAAAAAAAAAAAAAAAAAAAAAAAAAAAAAAAAAAAAAAAAAAAAAAAAAAAAAAAAAAAAAAAAAAAAAAAAAAAAAAAAAAAAAAAAAAAAAAAAAAAR1wPHIdcz7jHXI9/R1yPv8dcj7/HXI+/x1yPv8dcj7/HXI+/x1yPv8dcj7/HXI++B1yPc0bcj1DAP8AAQAAAAAAAAAAAAAAAAAAAAAAAAAAAAAAAAAAAAAAAAAAAAAAAAAAAAAAAAAAAAAAAAAAAAAAAAAAAAAAAAAAAAAAAAAAAAAAAAAAAAAAAAAAAAAAAAAAAAAAAAAAAAAAAAAAAAAAAAAAAAAAAAAAAAAAAAAAAAAAAAAAAAAAAAAAAAAAAACqVQMcdDw3HHI+kR1yPtkdcj78HXI+/x1yPv8dcj7/HXI+/x1xPvUdcT2/HXI/chxxORsAAAAAAAAAAAAAAAAAAAAAAAAAAAAAAAAAAAAAAAAAAAAAAAAAAAAAAAAAAAAAAAAAAAAAAAAAAAAAAAAAAAAAAAAAAAAAAAAAAAAAAAAAAAAAAAAAAAAAAAAAAAAAAAAAAAAAAAAAAAAAAAAAAAAAAAAAAAAAAAAAAAAAAAAAAAAAAAAAAAAAAAAAAAAAAAAAAAAAIIBACCBwQCAecjxMHXE8gxxxPZoecj6RHXI+ax9wPTIYeT0VAICAAgAAAAAAAAAAAAAAAAAAAAAAAAAAAAAAAAAAAAAAAAAAAAAAAAAAAAAAAAAAAAAAAAAAAAAAAAAAAAAAAAAAAAAAAAAAAAAAAAAAAAAAAAAAAAAAAAAAAAAAAAAAAAAAAAAAAAAAAAAAAAAAAAAAAAAAAAAAAAAAAAAAAAAAAAAAAAAAAAAAAAAAAAAAAAAAAAAAAAAAAAAAAAAAAAAAAAAAAAAAAAAAAAAAAAAAAAAAAAAAAAAAAAAAAAAAAAAAAAAAAAAAAAAAAAAAAAAAAAAAAAAAAAAAAAAAAAAAAAAAAAAAAAAAAAAAAAAAAAAAAAAAAAAAAAAAAAAAAAAAAAAAAAAAAAAAAAAAAAAAAAAAAAAAAAAAAAAAAAAAAAAAAAAAAAAAAAAAAAAAAAAAAAAAAAAAAAAAAAAAAAAAAAAAAAAAAAAAAAAAAAAAAAAAAAAAAAAAAAAAAAAAAAAAAAAAAAAAAAAAAAAAAAAAAAAAAAAAAAAAAAAAAAAAAAAAAAAAAAAAAAAAAAAAAAAAAAAAAAAAAAAAAAAAAAAAAAAAAAAAAAAAAAAAAAAAAAAAAAAAAAAAAAAAAAAAAAAAAAAAAAAAAAAAAAAAAAAAAAAAAAAAAAAAAAAAAAAAAAAAAAAAAAAAAAAAAAAAAAAAAAAAAAAAAAAAAAAAAAAAAAAAAAAAAAAAAAAAAAAAAAAAAAAAAAAAAAAAAAAAAAAAAAAAAAAAAAAAAAAAAAAAAAAAAAAAAAAAAAAAAAAAAAAAAAAAAAAAAAAAAAAAAAAAAAAAAAAAAAAAAAAAAAAAAAAAAAAAAA=="
    },
    {
      "Path": "public/default.css",
      "Data": "LyohIG1vZGVybi1ub3JtYWxpemUgdjEuMS4wIHwgTUlUIExpY2Vuc2UgfCBodHRwczovL2dpdGh1Yi5jb20vc2luZHJlc29yaHVzL21vZGVybi1ub3JtYWxpemUgKi8KCi8qCkRvY3VtZW50Cj09PT09PT09CiovCgovKioKVXNlIGEgYmV0dGVyIGJveCBtb2RlbCAob3BpbmlvbmF0ZWQpLgoqLwoKKiwKOjpiZWZvcmUsCjo6YWZ0ZXIgewoJYm94LXNpemluZzogYm9yZGVyLWJveDsKfQoKLyoqCjEuIENvcnJlY3QgdGhlIGxpbmUgaGVpZ2h0IGluIGFsbCBicm93c2Vycy4KMi4gUHJldmVudCBhZGp1c3RtZW50cyBvZiBmb250IHNpemUgYWZ0ZXIgb3JpZW50YXRpb24gY2hhbmdlcyBpbiBpT1MuCjMuIFVzZSBhIG1vcmUgcmVhZGFibGUgdGFiIHNpemUgKG9waW5pb25hdGVkKS4KKi8KCmh0bWwgewoJbGluZS1oZWlnaHQ6IDEuMTU7IC8qIDEgKi8KCS13ZWJraXQtdGV4dC1zaXplLWFkanVzdDogMTAwJTsgLyogMiAqLwoJLW1vei10YWItc2l6ZTogNDsgLyogMyAqLwoJdGFiLXNpemU6IDQ7IC8qIDMgKi8KfQoKLyoKU2VjdGlvbnMKPT09PT09PT0KKi8KCi8qKgoxLiBSZW1vdmUgdGhlIG1hcmdpbiBpbiBhbGwgYnJvd3NlcnMuCjIuIEltcHJvdmUgY29uc2lzdGVuY3kgb2YgZGVmYXVsdCBmb250cyBpbiBhbGwgYnJvd3NlcnMuIChodHRwczovL2dpdGh1Yi5jb20vc2luZHJlc29yaHVzL21vZGVybi1ub3JtYWxpemUvaXNzdWVzLzMpCiovCgpib2R5IHsKCW1hcmdpbjogMDsgLyogMSAqLwoJZm9udC1mYW1pbHk6CgkJc3lzdGVtLXVpLAoJCS1hcHBsZS1zeXN0ZW0sIC8qIEZpcmVmb3ggc3VwcG9ydHMgdGhpcyBidXQgbm90IHlldCBgc3lzdGVtLXVpYCAqLwoJCSdTZWdvZSBVSScsCgkJUm9ib3RvLAoJCUhlbHZldGljYSwKCQlBcmlhbCwKCQlzYW5zLXNlcmlmLAoJCSdBcHBsZSBDb2xvciBFbW9qaScsCgkJJ1NlZ29lIFVJIEVtb2ppJzsgLyogMiAqLwp9CgovKgpHcm91cGluZyBjb250ZW50Cj09PT09PT09PT09PT09PT0KKi8KCi8qKgoxLiBBZGQgdGhlIGNvcnJlY3QgaGVpZ2h0IGluIEZpcmVmb3guCjIuIENvcnJlY3QgdGhlIGluaGVyaXRhbmNlIG9mIGJvcmRlciBjb2xvciBpbiBGaXJlZm94LiAoaHR0cHM6Ly9idWd6aWxsYS5tb3ppbGxhLm9yZy9zaG93X2J1Zy5jZ2k/aWQ9MTkwNjU1KQoqLwoKaHIgewoJaGVpZ2h0OiAwOyAvKiAxICovCgljb2xvcjogaW5oZXJpdDsgLyogMiAqLwp9CgovKgpUZXh0LWxldmVsIHNlbWFudGljcwo9PT09PT09PT09PT09PT09PT09PQoqLwoKLyoqCkFkZCB0aGUgY29ycmVjdCB0ZXh0IGRlY29yYXRpb24gaW4gQ2hyb21lLCBFZGdlLCBhbmQgU2FmYXJpLgoqLwoKYWJiclt0aXRsZV0gewoJdGV4dC1kZWNvcmF0aW9uOiB1bmRlcmxpbmUgZG90dGVkOwp9CgovKioKQWRkIHRoZSBjb3JyZWN0IGZvbnQgd2VpZ2h0IGluIEVkZ2UgYW5kIFNhZmFyaS4KKi8KCmIsCnN0cm9uZyB7Cglmb250LXdlaWdodDogYm9sZGVyOwp9CgovKioKMS4gSW1wcm92ZSBjb25zaXN0ZW5jeSBvZiBkZWZhdWx0IGZvbnRzIGluIGFsbCBicm93c2Vycy4gKGh0dHBzOi8vZ2l0aHViLmNvbS9zaW5kcmVzb3JodXMvbW9kZXJuLW5vcm1hbGl6ZS9pc3N1ZXMvMykKMi4gQ29ycmVjdCB0aGUgb2RkICdlbScgZm9udCBzaXppbmcgaW4gYWxsIGJyb3dzZXJzLgoqLwoKY29kZSwKa2JkLApzYW1wLApwcmUgewoJZm9udC1mYW1pbHk6CgkJdWktbW9ub3NwYWNlLAoJCVNGTW9uby1SZWd1bGFyLAoJCUNvbnNvbGFzLAoJCSdMaWJlcmF0aW9uIE1vbm8nLAoJCU1lbmxvLAoJCW1vbm9zcGFjZTsgLyogMSAqLwoJZm9udC1zaXplOiAxZW07IC8qIDIgKi8KfQoKLyoqCkFkZCB0aGUgY29ycmVjdCBmb250IHNpemUgaW4gYWxsIGJyb3dzZXJzLgoqLwoKc21hbGwgewoJZm9udC1zaXplOiA4MCU7Cn0KCi8qKgpQcmV2ZW50ICdzdWInIGFuZCAnc3VwJyBlbGVtZW50cyBmcm9tIGFmZmVjdGluZyB0aGUgbGluZSBoZWlnaHQgaW4gYWxsIGJyb3dzZXJzLgoqLwoKc3ViLApzdXAgewoJZm9udC1zaXplOiA3NSU7CglsaW5lLWhlaWdodDogMDsKCXBvc2l0aW9uOiByZWxhdGl2ZTsKCXZlcnRpY2FsLWFsaWduOiBiYXNlbGluZTsKfQoKc3ViIHsKCWJvdHRvbTogLTAuMjVlbTsKfQoKc3VwIHsKCXRvcDogLTAuNWVtOwp9CgovKgpUYWJ1bGFyIGRhdGEKPT09PT09PT09PT09CiovCgovKioKMS4gUmVtb3ZlIHRleHQgaW5kZW50YXRpb24gZnJvbSB0YWJsZSBjb250ZW50cyBpbiBDaHJvbWUgYW5kIFNhZmFyaS4gKGh0dHBzOi8vYnVncy5jaHJvbWl1bS5vcmcvcC9jaHJvbWl1bS9pc3N1ZXMvZGV0YWlsP2lkPTk5OTA4OCwgaHR0cHM6Ly9idWdzLndlYmtpdC5vcmcvc2hvd19idWcuY2dpP2lkPTIwMTI5NykKMi4gQ29ycmVjdCB0YWJsZSBib3JkZXIgY29sb3IgaW5oZXJpdGFuY2UgaW4gYWxsIENocm9tZSBhbmQgU2FmYXJpLiAoaHR0cHM6Ly9idWdzLmNocm9taXVtLm9yZy9wL2Nocm9taXVtL2lzc3Vlcy9kZXRhaWw/aWQ9OTM1NzI5LCBodHRwczovL2J1Z3Mud2Via2l0Lm9yZy9zaG93X2J1Zy5jZ2k/aWQ9MTk1MDE2KQoqLwoKdGFibGUgewoJdGV4dC1pbmRlbnQ6IDA7IC8qIDEgKi8KCWJvcmRlci1jb2xvcjogaW5oZXJpdDsgLyogMiAqLwp9CgovKgpGb3Jtcwo9PT09PQoqLwoKLyoqCjEuIENoYW5nZSB0aGUgZm9udCBzdHlsZXMgaW4gYWxsIGJyb3dzZXJzLgoyLiBSZW1vdmUgdGhlIG1hcmdpbiBpbiBGaXJlZm94IGFuZCBTYWZhcmkuCiovCgpidXR0b24sCmlucHV0LApvcHRncm91cCwKc2VsZWN0LAp0ZXh0YXJlYSB7Cglmb250LWZhbWlseTogaW5oZXJpdDsgLyogMSAqLwoJZm9udC1zaXplOiAxMDAlOyAvKiAxICovCglsaW5lLWhlaWdodDogMS4xNTsgLyogMSAqLwoJbWFyZ2luOiAwOyAvKiAyICovCn0KCi8qKgpSZW1vdmUgdGhlIGluaGVyaXRhbmNlIG9mIHRleHQgdHJhbnNmb3JtIGluIEVkZ2UgYW5kIEZpcmVmb3guCiovCgpidXR0b24sCnNlbGVjdCB7Cgl0ZXh0LXRyYW5zZm9ybTogbm9uZTsKfQoKLyoqCkNvcnJlY3QgdGhlIGluYWJpbGl0eSB0byBzdHlsZSBjbGlja2FibGUgdHlwZXMgaW4gaU9TIGFuZCBTYWZhcmkuCiovCgpidXR0b24sClt0eXBlPSdidXR0b24nXSwKW3R5cGU9J3Jlc2V0J10sClt0eXBlPSdzdWJtaXQnXSB7Cgktd2Via2l0LWFwcGVhcmFuY2U6IGJ1dHRvbjsKfQoKLyoqClJlbW92ZSB0aGUgaW5uZXIgYm9yZGVyIGFuZCBwYWRkaW5nIGluIEZpcmVmb3guCiovCgo6Oi1tb3otZm9jdXMtaW5uZXIgewoJYm9yZGVyLXN0eWxlOiBub25lOwoJcGFkZGluZzogMDsKfQoKLyoqClJlc3RvcmUgdGhlIGZvY3VzIHN0eWxlcyB1bnNldCBieSB0aGUgcHJldmlvdXMgcnVsZS4KKi8KCjotbW96LWZvY3VzcmluZyB7CglvdXRsaW5lOiAxcHggZG90dGVkIEJ1dHRvblRleHQ7Cn0KCi8qKgpSZW1vdmUgdGhlIGFkZGl0aW9uYWwgJzppbnZhbGlkJyBzdHlsZXMgaW4gRmlyZWZveC4KU2VlOiBodHRwczovL2dpdGh1Yi5jb20vbW96aWxsYS9nZWNrby1kZXYvYmxvYi8yZjllYWNkOWQzZDk5NWM5MzdiNDI1MWE1NTU3ZDk1ZDQ5NGM5YmUxL2xheW91dC9zdHlsZS9yZXMvZm9ybXMuY3NzI0w3MjgtTDczNwoqLwoKOi1tb3otdWktaW52YWxpZCB7Cglib3gtc2hhZG93OiBub25lOwp9CgovKioKUmVtb3ZlIHRoZSBwYWRkaW5nIHNvIGRldmVsb3BlcnMgYXJlIG5vdCBjYXVnaHQgb3V0IHdoZW4gdGhleSB6ZXJvIG91dCAnZmllbGRzZXQnIGVsZW1lbnRzIGluIGFsbCBicm93c2Vycy4KKi8KCmxlZ2VuZCB7CglwYWRkaW5nOiAwOwp9CgovKioKQWRkIHRoZSBjb3JyZWN0IHZlcnRpY2FsIGFsaWdubWVudCBpbiBDaHJvbWUgYW5kIEZpcmVmb3guCiovCgpwcm9ncmVzcyB7Cgl2ZXJ0aWNhbC1hbGlnbjogYmFzZWxpbmU7Cn0KCi8qKgpDb3JyZWN0IHRoZSBjdXJzb3Igc3R5bGUgb2YgaW5jcmVtZW50IGFuZCBkZWNyZW1lbnQgYnV0dG9ucyBpbiBTYWZhcmkuCiovCgo6Oi13ZWJraXQtaW5uZXItc3Bpbi1idXR0b24sCjo6LXdlYmtpdC1vdXRlci1zcGluLWJ1dHRvbiB7CgloZWlnaHQ6IGF1dG87Cn0KCi8qKgoxLiBDb3JyZWN0IHRoZSBvZGQgYXBwZWFyYW5jZSBpbiBDaHJvbWUgYW5kIFNhZmFyaS4KMi4gQ29ycmVjdCB0aGUgb3V0bGluZSBzdHlsZSBpbiBTYWZhcmkuCiovCgpbdHlwZT0nc2VhcmNoJ10gewoJLXdlYmtpdC1hcHBlYXJhbmNlOiB0ZXh0ZmllbGQ7IC8qIDEgKi8KCW91dGxpbmUtb2Zmc2V0OiAtMnB4OyAvKiAyICovCn0KCi8qKgpSZW1vdmUgdGhlIGlubmVyIHBhZGRpbmcgaW4gQ2hyb21lIGFuZCBTYWZhcmkgb24gbWFjT1MuCiovCgo6Oi13ZWJraXQtc2VhcmNoLWRlY29yYXRpb24gewoJLXdlYmtpdC1hcHBlYXJhbmNlOiBub25lOwp9CgovKioKMS4gQ29ycmVjdCB0aGUgaW5hYmlsaXR5IHRvIHN0eWxlIGNsaWNrYWJsZSB0eXBlcyBpbiBpT1MgYW5kIFNhZmFyaS4KMi4gQ2hhbmdlIGZvbnQgcHJvcGVydGllcyB0byAnaW5oZXJpdCcgaW4gU2FmYXJpLgoqLwoKOjotd2Via2l0LWZpbGUtdXBsb2FkLWJ1dHRvbiB7Cgktd2Via2l0LWFwcGVhcmFuY2U6IGJ1dHRvbjsgLyogMSAqLwoJZm9udDogaW5oZXJpdDsgLyogMiAqLwp9CgovKgpJbnRlcmFjdGl2ZQo9PT09PT09PT09PQoqLwoKLyoKQWRkIHRoZSBjb3JyZWN0IGRpc3BsYXkgaW4gQ2hyb21lIGFuZCBTYWZhcmkuCiovCgpzdW1tYXJ5IHsKCWRpc3BsYXk6IGxpc3QtaXRlbTsKfQ=="
    }
  ],
  "Flag": {
    "Embed": true,
    "Minify": false,
    "Hot": ""
  }
}