{
  "Imports": [
    {
      "name": "controller",
      "path": "app.com/controller"
    },
    {
      "name": "response",
      "path": "github.com/livebud/bud/runtime/controller/response"
    },
    {
      "name": "http",
      "path": "net/http"
    }
  ],
  "Controller": {
    "Name": "",
    "Pascal": "",
    "JSON": "",
    "Path": "/",
    "Route": "/",
    "Actions": [
      {
        "Name": "Index",
        "Pascal": "Index",
        "Camel": "index",
        "Short": "i",
        "View": null,
        "Key": "/index",
        "Route": "/",
        "Redirect": "\"\"",
        "Method": "GET",
        "Context": {
          "Function": "loadController",
          "Code": "func loadController() *controller.Controller {\n\tcontrollerController := \u0026controller.Controller{}\n\treturn controllerController\n}\n",
          "Fields": null,
          "Results": [
            {
              "Variable": "controllerController"
            }
          ]
        },
        "Params": null,
        "Input": "struct {\n\t}",
        "Results": [
          {
            "Name": "in0",
            "Pascal": "In0",
            "Named": false,
            "Snake": "in0",
            "Type": "string",
            "Kind": 1,
            "Variable": "in0",
            "IsError": false,
            "Fields": null,
            "Methods": null
          }
        ],
        "RespondJSON": true,
        "RespondHTML": true,
        "PropsKey": ""
      }
    ],
    "Controllers": null
  },
  "Contexts": [
    {
      "Function": "loadController",
      "Code": "func loadController() *controller.Controller {\n\tcontrollerController := \u0026controller.Controller{}\n\treturn controllerController\n}\n",
      "Fields": null,
      "Results": [
        {
          "Variable": "controllerController"
        }
      ]
    }
  ]
}